golden: compare error got = "golden", want "Z29sZGVu"
golden_test: method called *golden.bufferTB.FailNow()