=== FATS
golden: compare error got = "golden", want ""
