testdata/TestRead/error-reading-file-permission-denied.input