golden: permission denied
golden_test: method called *golden.bufferTB.FailNow()