=== LOGS
golden: read the value of nil since it is not found file: TestTool_Read/success-read-nil.golden
