golden: file already closed
golden_test: method called *golden.bufferTB.FailNow()