golden_test: method called *golden.bufferTB.Helper()