{
	"blocks": [
		{
			"bits": 486604799,
			"block_index": 14849,
			"fee": 0,
			"hash": "000000000019d6689c085ae165831e934ff763ae46a2a6c172b3f1b60a8ce26f",
			"height": 0,
			"main_chain": true,
			"mrkl_root": "4a5e1e4baab89f3a32518a88c31bc87f618f76673e2cc77ab2127b7afdeda33b",
			"n_tx": 1,
			"next_block": [
				"00000000839a8e6886ab5951d76f411475428afc90947ee320161bbf18eb6048"
			],
			"nonce": 2083236893,
			"prev_block": "0000000000000000000000000000000000000000000000000000000000000000",
			"size": 285,
			"time": 1231006505,
			"tx": [
				{
					"hash": "4a5e1e4baab89f3a32518a88c31bc87f618f76673e2cc77ab2127b7afdeda33b",
					"inputs": [
						{
							"script": "04ffff001d0104455468652054696d65732030332f4a616e2f32303039204368616e63656c6c6f72206f6e206272696e6b206f66207365636f6e64206261696c6f757420666f722062616e6b73",
							"sequence": 4294967295,
							"witness": ""
						}
					],
					"lock_time": 0,
					"out": [
						{
							"addr": "1A1zP1eP5QGefi2DMPTfTL5SLmv7DivfNa",
							"addr_tag": "Genesis of Bitcoin",
							"addr_tag_link": "https://en.bitcoin.it/wiki/Genesis_block",
							"n": 0,
							"script": "4104678afdb0fe5548271967f1a67130b7105cd6a828e03909a67962e0ea1f61deb649f6bc3f4cef38c4f35504e51ec112de5c384df7ba0b8d578a4c702b6bf11d5fac",
							"spent": false,
							"tx_index": 14849,
							"type": 0,
							"value": 5000000000
						}
					],
					"relayed_by": "0.0.0.0",
					"size": 204,
					"time": 1231006505,
					"tx_index": 14849,
					"ver": 1,
					"vin_sz": 1,
					"vout_sz": 1,
					"weight": 816
				}
			],
			"ver": 1
		}
	]
}