golden_test: method called *golden.bufferTB.Helper()

	Error Trace:
	Error:      	Not equal: 
	            	expected: map[string]interface {}{"data":interface {}(nil)}
	            	actual  : map[string]interface {}{}
	            	
	            	Diff:
	            	--- Expected
	            	+++ Actual
	            	@@ -1,3 +1,2 @@
	            	-(map[string]interface {}) (len=1) {
	            	- (string) (len=4) "data": (interface {}) <nil>
	            	+(map[string]interface {}) {
	            	 }

golden_test: method called *golden.bufferTB.Fail()

	Error Trace:
	Error:      	Not equal: 
	            	expected: map[string]interface {}{"data":interface {}(nil)}
	            	actual  : map[string]interface {}{}
	            	
	            	Diff:
	            	--- Expected
	            	+++ Actual
	            	@@ -1,3 +1,2 @@
	            	-(map[string]interface {}) (len=1) {
	            	- (string) (len=4) "data": (interface {}) <nil>
	            	+(map[string]interface {}) {
	            	 }

golden_test: method called *golden.bufferTB.FailNow()