=== LOGS
golden: trying to create a directory: "testdata"
