=== ERRS
golden: test dir is a file: testdata/TestTool_mkdir.golden
