testdata/TestTool_path/path-index-1-target-input-prefix-gold.gold.001.input