testdata/TestTool_path/path-index-1-target-input.001.input