testdata/TestTool_path/path-index-0-target-golden.golden