testdata/TestTool_path/path-index-0-target-golden-prefix-gold.gold.golden