testdata/TestTool_path/path-target-golden-prefix-gold.gold.golden