testdata/TestTool_path/path-target-input-prefix-gold.gold.input