testdata/TestTool_path/path-index-0-target-input-prefix-gold.gold.input