testdata/TestTool_path/path-index-1-target-golden.001.golden