testdata/TestTool_path/path-index-1-target-golden-prefix-gold.gold.001.golden