golden_test: method called *golden.bufferTB.Helper()

	Error Trace:
	Error:      	Not equal: 
	            	expected: ""
	            	actual  : "[]byte(nil)"
	            	
	            	Diff:
	            	--- Expected
	            	+++ Actual
	            	@@ -1 +1 @@
	            	-
	            	+[]byte(nil)

golden_test: method called *golden.bufferTB.Fail()

	Error Trace:
	Error:      	Not equal: 
	            	expected: ""
	            	actual  : "[]byte(nil)"
	            	
	            	Diff:
	            	--- Expected
	            	+++ Actual
	            	@@ -1 +1 @@
	            	-
	            	+[]byte(nil)

golden_test: method called *golden.bufferTB.FailNow()