{
	"logs": [
		"golden: start write to file: TestTool_write/write-nil.",
		"golden: nil value will not be written"
	]
}