{
	"errs": [
		"golden: test dir is a file: TestTool_write"
	],
	"logs": [
		"golden: start write to file: TestTool_write/write-nil-with-file-exist.",
		"golden: nil value will not be written",
		"golden: current test bytes file will be deleted"
	]
}