{
	"errs": [
		"golden: test dir is a file: TestTool_write"
	],
	"logs": [
		"golden: start write to file: TestTool_write/write-empty."
	]
}