{
	"logs": [
		"golden: start write to file: TestTool_write/write-bytes."
	]
}