golden_test: method called *golden.bufferTB.Helper()
golden_test: method called *golden.bufferTB.Helper()
golden_test: method called *golden.bufferTB.Helper()
golden: read the value of nil since it is not found file: testdata/TestAssert/success-assert-nil-with-error-not-exist.golden