{
	"fats": [
		"golden: compare error got = \"golden\", want \"Z29sZGVu\""
	]
}