=== LOGS
golden_test: method called *golden.FakeTest.Helper()
